cleanup(det_exit)
after_det
after_ndet_exit
cleanup(not_at_exit)
after_cut
sol(a)
sol(b)
cleanup(exhausted)
after_exhaustion
cleanup(ball_after_exit)
caught(first)
cleanup(ball_inside)
caught(inside)
caught(first)
t07(x,1,unbound,unbound)
cleanup(inner)
cleanup(outer)
t08(1)
cleanup(g_failed)
else
cleanup(negated)
negation_ok
cleanup_pend
caught_after_redo
cleanup(heap([1,2,3,4,5]))
caught_heap
cleanup_pend
found(b)
cleanup_pend
callcut(a)
cleanup_pend
catchcut(a)
closed_at_once
t17(true)
t18
