cleanup(here,1,820,xyz)
cleanup(callee,1,1275,abc)
cleanup(exhaust,1,465,ex)
cleanup(callee,1,1275,abc)
caught(1)
cleanup(here,2,820,xyz)
cleanup(callee,2,1275,abc)
cleanup(exhaust,2,465,ex)
cleanup(callee,2,1275,abc)
caught(2)
cleanup(here,3,820,xyz)
cleanup(callee,3,1275,abc)
cleanup(exhaust,3,465,ex)
cleanup(callee,3,1275,abc)
caught(3)
